// Jest Snapshot v1, https://goo.gl/fbAQLP

exports[`store.reducer reducers should match snapshot 1`] = `
Object {
  "db": [Function],
  "example": [Function],
  "page": [Function],
}
`;
