// Jest Snapshot v1, https://goo.gl/fbAQLP

exports[`with-services.hoc ServicesProvider should match snapshot 1`] = `
<ContextProvider
  value={Object {}}
>
  Children
</ContextProvider>
`;
