// Jest Snapshot v1, https://goo.gl/fbAQLP

exports[`pages.reducer page default state should match snapshot 1`] = `"HOME"`;
