// Jest Snapshot v1, https://goo.gl/fbAQLP

exports[`db.constants should match snapshot 1`] = `
Object {
  "DB_ADD": "DB_ADD",
}
`;
