// Jest Snapshot v1, https://goo.gl/fbAQLP

exports[`i18n reducer initial state should match snapshot 1`] = `
Object {
  "code": undefined,
}
`;
