// Jest Snapshot v1, https://goo.gl/fbAQLP

exports[`Not found page should match NotFoundPage snapshot 1`] = `
<div>
  Not found page
</div>
`;
